=== Starting taxid_562 ===
[33mNextflow 26.04.4 is available - Please consider updating your version to it(B[m

 N E X T F L O W   ~  version 25.04.4

Launching `./main.nf` [stupefied_heisenberg] DSL2 - revision: a3944fd765

WARN: Access to undefined parameter `monochromeLogs` -- Initialise it to a default value eg. `params.monochromeLogs = some_value`
Core Nextflow options
  runName            : stupefied_heisenberg
  launchDir          : /home/ians/git_repos/xHAMLET/tools/relink
  workDir            : /mnt/storage_1/xhamlet_relink_work
  projectDir         : /home/ians/git_repos/xHAMLET/tools/relink
  userName           : ians
  profile            : conda
  configFiles        : 

Input/output options
  input              : /home/ians/git_repos/xHAMLET/pxd_data/PXD042173/relink/taxid_562/PXD042173.sdrf.tsv
  outdir             : /home/ians/git_repos/xHAMLET/pxd_data/PXD042173/relink/taxid_562/results

Reference options
  fasta              : /home/ians/git_repos/xHAMLET/pxd_data/PXD042173/relink/fasta/taxid_562.fasta
  root_folder        : /home/ians/git_repos/xHAMLET/pxd_data/PXD042173/work

Search engine options
  xi_linear_config   : /home/ians/git_repos/xHAMLET/pxd_data/PXD042173/configs/xi_linear.conf
  xi_crosslink_config: /home/ians/git_repos/xHAMLET/pxd_data/PXD042173/configs/xi_crosslinking.conf

Max job request options
  max_cpus           : 112
  max_memory         : 200.GB

!! Only displaying parameters that differ from the pipeline defaults !!
------------------------------------------------------
[-        ] PIP…NITIALISATION:SDRF_PARSING -
[-        ] BIG…RELINK:THERMORAWFILEPARSER -
[-        ] BIG…INK:RELINK:XISEARCH_LINEAR -
[-        ] BIG…:RELINK:MASS_RECALIBRATION -
[-        ] BIG…:RELINK:XISEARCH_CROSSLINK -

[7e/f475b7] PIP…DRF_PARSING (sdrf_parsing) | 1 of 1, cached: 1
[-        ] BIG…RELINK:THERMORAWFILEPARSER -
[-        ] BIG…INK:RELINK:XISEARCH_LINEAR -
[-        ] BIG…:RELINK:MASS_RECALIBRATION -
[-        ] BIG…:RELINK:XISEARCH_CROSSLINK -
[-        ] BIGBIO_RELINK:RELINK:XIFDR     -
[-        ] BIGBIO_RELINK:RELINK:PMULTIQC  -

executor >  local (1)
[7e/f475b7] PIP…DRF_PARSING (sdrf_parsing) | 1 of 1, cached: 1 ✔
[dd/401c83] BIG…THERMORAWFILEPARSER (null) | 20 of 20, cached: 20 ✔
[25/32d7be] BIG…R_firstbatch_DSSOplate_D3) | 0 of 1
[-        ] BIG…:RELINK:MASS_RECALIBRATION -
[-        ] BIG…:RELINK:XISEARCH_CROSSLINK -
[-        ] BIGBIO_RELINK:RELINK:XIFDR     -
[-        ] BIGBIO_RELINK:RELINK:PMULTIQC  -

executor >  local (1)
[7e/f475b7] PIP…DRF_PARSING (sdrf_parsing) | 1 of 1, cached: 1 ✔
[dd/401c83] BIG…THERMORAWFILEPARSER (null) | 20 of 20, cached: 20 ✔
[25/32d7be] BIG…R_firstbatch_DSSOplate_D3) | 0 of 1
[-        ] BIG…:RELINK:MASS_RECALIBRATION -
[-        ] BIG…:RELINK:XISEARCH_CROSSLINK -
[-        ] BIGBIO_RELINK:RELINK:XIFDR     -
[-        ] BIGBIO_RELINK:RELINK:PMULTIQC  -

executor >  local (2)
[7e/f475b7] PIP…DRF_PARSING (sdrf_parsing) | 1 of 1, cached: 1 ✔
[dd/401c83] BIG…THERMORAWFILEPARSER (null) | 20 of 20, cached: 20 ✔
[b2/68c574] BIG…R_firstbatch_DSSOplate_D3) | 0 of 1, retries: 1
[-        ] BIG…:RELINK:MASS_RECALIBRATION -
[-        ] BIG…:RELINK:XISEARCH_CROSSLINK -
[-        ] BIGBIO_RELINK:RELINK:XIFDR     -
[-        ] BIGBIO_RELINK:RELINK:PMULTIQC  -
[25/32d7be] NOTE: Process `BIGBIO_RELINK:RELINK:XISEARCH_LINEAR (PXD042173_L1_20210806_MxR_FDR_firstbatch_DSSOplate_D3)` terminated with an error exit status (1) -- Execution is retried (1)

executor >  local (3)
[7e/f475b7] PIP…DRF_PARSING (sdrf_parsing) | 1 of 1, cached: 1 ✔
[dd/401c83] BIG…THERMORAWFILEPARSER (null) | 20 of 20, cached: 20 ✔
[36/ff69e0] BIG…R_firstbatch_DSSOplate_D3) | 0 of 1, retries: 2
[-        ] BIG…:RELINK:MASS_RECALIBRATION -
[-        ] BIG…:RELINK:XISEARCH_CROSSLINK -
[-        ] BIGBIO_RELINK:RELINK:XIFDR     -
[-        ] BIGBIO_RELINK:RELINK:PMULTIQC  -
[b2/68c574] NOTE: Process `BIGBIO_RELINK:RELINK:XISEARCH_LINEAR (PXD042173_L1_20210806_MxR_FDR_firstbatch_DSSOplate_D3)` terminated with an error exit status (1) -- Execution is retried (2)


executor >  local (3)
[7e/f475b7] PIP…DRF_PARSING (sdrf_parsing) | 1 of 1, cached: 1 ✔
[dd/401c83] BIG…THERMORAWFILEPARSER (null) | 20 of 20, cached: 20 ✔
[36/ff69e0] BIG…R_firstbatch_DSSOplate_D3) | 1 of 1, retries: 2 ✔
[-        ] BIG…:RELINK:MASS_RECALIBRATION | 0 of 1
[-        ] BIG…:RELINK:XISEARCH_CROSSLINK -
[-        ] BIGBIO_RELINK:RELINK:XIFDR     -
[-        ] BIGBIO_RELINK:RELINK:PMULTIQC  -



executor >  local (4)
[7e/f475b7] PIP…DRF_PARSING (sdrf_parsing) | 1 of 1, cached: 1 ✔
[dd/401c83] BIG…THERMORAWFILEPARSER (null) | 20 of 20, cached: 20 ✔
[36/ff69e0] BIG…R_firstbatch_DSSOplate_D3) | 1 of 1, retries: 2 ✔
[11/68e02d] BIG…R_firstbatch_DSSOplate_D3) | 0 of 1
[-        ] BIG…:RELINK:XISEARCH_CROSSLINK -
[-        ] BIGBIO_RELINK:RELINK:XIFDR     -
[-        ] BIGBIO_RELINK:RELINK:PMULTIQC  -


executor >  local (5)
[7e/f475b7] PIP…DRF_PARSING (sdrf_parsing) | 1 of 1, cached: 1 ✔
[dd/401c83] BIG…THERMORAWFILEPARSER (null) | 20 of 20, cached: 20 ✔
[36/ff69e0] BIG…R_firstbatch_DSSOplate_D3) | 1 of 1, retries: 2 ✔
[11/68e02d] BIG…R_firstbatch_DSSOplate_D3) | 1 of 1 ✔
[f8/6a68d3] BIG…R_firstbatch_DSSOplate_D3) | 0 of 1
[-        ] BIGBIO_RELINK:RELINK:XIFDR     -
[-        ] BIGBIO_RELINK:RELINK:PMULTIQC  -

executor >  local (6)
[7e/f475b7] PIP…DRF_PARSING (sdrf_parsing) | 1 of 1, cached: 1 ✔
[dd/401c83] BIG…THERMORAWFILEPARSER (null) | 20 of 20, cached: 20 ✔
[36/ff69e0] BIG…R_firstbatch_DSSOplate_D3) | 1 of 1, retries: 2 ✔
[11/68e02d] BIG…R_firstbatch_DSSOplate_D3) | 1 of 1 ✔
[f8/0871f7] BIG…R_firstbatch_DSSOplate_D3) | 0 of 1, retries: 1
[-        ] BIGBIO_RELINK:RELINK:XIFDR     -
[-        ] BIGBIO_RELINK:RELINK:PMULTIQC  -
[f8/6a68d3] NOTE: Process `BIGBIO_RELINK:RELINK:XISEARCH_CROSSLINK (PXD042173_L1_20210806_MxR_FDR_firstbatch_DSSOplate_D3)` terminated with an error exit status (1) -- Execution is retried (1)

executor >  local (7)
[7e/f475b7] PIP…DRF_PARSING (sdrf_parsing) | 1 of 1, cached: 1 ✔
[dd/401c83] BIG…THERMORAWFILEPARSER (null) | 20 of 20, cached: 20 ✔
[36/ff69e0] BIG…R_firstbatch_DSSOplate_D3) | 1 of 1, retries: 2 ✔
[11/68e02d] BIG…R_firstbatch_DSSOplate_D3) | 1 of 1 ✔
[49/f6efc0] BIG…R_firstbatch_DSSOplate_D3) | 0 of 1, retries: 2
[-        ] BIGBIO_RELINK:RELINK:XIFDR     -
[-        ] BIGBIO_RELINK:RELINK:PMULTIQC  -
[f8/0871f7] NOTE: Process `BIGBIO_RELINK:RELINK:XISEARCH_CROSSLINK (PXD042173_L1_20210806_MxR_FDR_firstbatch_DSSOplate_D3)` terminated with an error exit status (1) -- Execution is retried (2)


executor >  local (8)
[7e/f475b7] PIP…DRF_PARSING (sdrf_parsing) | 1 of 1, cached: 1 ✔
[dd/401c83] BIG…THERMORAWFILEPARSER (null) | 20 of 20, cached: 20 ✔
[36/ff69e0] BIG…R_firstbatch_DSSOplate_D3) | 1 of 1, retries: 2 ✔
[11/68e02d] BIG…R_firstbatch_DSSOplate_D3) | 1 of 1 ✔
[66/e9eb57] BIG…R_firstbatch_DSSOplate_D3) | 0 of 1, retries: 3
[-        ] BIGBIO_RELINK:RELINK:XIFDR     -
[-        ] BIGBIO_RELINK:RELINK:PMULTIQC  -
[49/f6efc0] NOTE: Process `BIGBIO_RELINK:RELINK:XISEARCH_CROSSLINK (PXD042173_L1_20210806_MxR_FDR_firstbatch_DSSOplate_D3)` terminated with an error exit status (1) -- Execution is retried (3)


executor >  local (8)
[7e/f475b7] PIP…DRF_PARSING (sdrf_parsing) | 1 of 1, cached: 1 ✔
[dd/401c83] BIG…THERMORAWFILEPARSER (null) | 20 of 20, cached: 20 ✔
[36/ff69e0] BIG…R_firstbatch_DSSOplate_D3) | 1 of 1, retries: 2 ✔
[11/68e02d] BIG…R_firstbatch_DSSOplate_D3) | 1 of 1 ✔
[66/e9eb57] BIG…R_firstbatch_DSSOplate_D3) | 0 of 1, retries: 3
[-        ] BIGBIO_RELINK:RELINK:XIFDR     -
[-        ] BIGBIO_RELINK:RELINK:PMULTIQC  -

ERROR ~ Error executing process > 'BIGBIO_RELINK:RELINK:XISEARCH_CROSSLINK (PXD042173_L1_20210806_MxR_FDR_firstbatch_DSSOplate_D3)'

Caused by:
  Process `BIGBIO_RELINK:RELINK:XISEARCH_CROSSLINK (PXD042173_L1_20210806_MxR_FDR_firstbatch_DSSOplate_D3)` terminated with an error exit status (1)


Command executed:

  java -Xmx64g -jar /home/ians/.local/opt/xisearch/xiSEARCH.jar \
      --fasta='taxid_562.fasta' \
      --xiconf=UseCPUs:16 \
      --peaks='recal_PXD042173_L1_20210806_MxR_FDR_firstbatch_DSSOplate_D3.mzML' \
      --config='xi_crosslinking.conf' \
      --output='PXD042173_L1_20210806_MxR_FDR_firstbatch_DSSOplate_D3_crosslink.csv' \
      --peaksout='PXD042173_L1_20210806_MxR_FDR_firstbatch_DSSOplate_D3_crosslink.peaks.csv' \
  
  
  cat <<-END_VERSIONS > versions.yml
  "BIGBIO_RELINK:RELINK:XISEARCH_CROSSLINK":
      xiSEARCH: 1.8.11
      java: $(java -version 2>&1 | head -1 | cut -d'"' -f2)
  END_VERSIONS

Command exit status:
  1

Command output:
  09:03:44,342 |-ERROR in ch.qos.logback.core.joran.spi.Interpreter@8:51 - ActionException in Action for tag [appender] ch.qos.logback.core.joran.spi.ActionException: ch.qos.logback.core.util.DynamicClassLoadingException: Failed to instantiate type ConsoleAppender
  	at ch.qos.logback.core.joran.spi.ActionException: ch.qos.logback.core.util.DynamicClassLoadingException: Failed to instantiate type ConsoleAppender
  	at 	at ch.qos.logback.core.joran.action.AppenderAction.begin(AppenderAction.java:76)
  	at 	at ch.qos.logback.core.joran.spi.Interpreter.callBeginAction(Interpreter.java:269)
  	at 	at ch.qos.logback.core.joran.spi.Interpreter.startElement(Interpreter.java:145)
  	at 	at ch.qos.logback.core.joran.spi.Interpreter.startElement(Interpreter.java:128)
  	at 	at ch.qos.logback.core.joran.spi.EventPlayer.play(EventPlayer.java:50)
  	at 	at ch.qos.logback.core.joran.GenericConfigurator.doConfigure(GenericConfigurator.java:148)
  	at 	at ch.qos.logback.core.joran.GenericConfigurator.doConfigure(GenericConfigurator.java:135)
  	at 	at ch.qos.logback.core.joran.GenericConfigurator.doConfigure(GenericConfigurator.java:100)
  	at 	at ch.qos.logback.core.joran.GenericConfigurator.doConfigure(GenericConfigurator.java:50)
  	at 	at ch.qos.logback.classic.util.ContextInitializer.configureByResource(ContextInitializer.java:75)
  	at 	at ch.qos.logback.classic.util.ContextInitializer.autoConfig(ContextInitializer.java:150)
  	at 	at org.slf4j.impl.StaticLoggerBinder.init(StaticLoggerBinder.java:84)
  	at 	at org.slf4j.impl.StaticLoggerBinder.<clinit>(StaticLoggerBinder.java:55)
  	at 	at org.slf4j.LoggerFactory.bind(LoggerFactory.java:149)
  	at 	at org.slf4j.LoggerFactory.performInitialization(LoggerFactory.java:124)
  	at 	at org.slf4j.LoggerFactory.getILoggerFactory(LoggerFactory.java:390)
  	at 	at org.slf4j.LoggerFactory.getLogger(LoggerFactory.java:340)
  	at 	at org.slf4j.LoggerFactory.getLogger(LoggerFactory.java:361)
  	at 	at uk.ac.ebi.jmzml.xml.io.MzMLUnmarshaller.<clinit>(MzMLUnmarshaller.java:68)
  	at 	at rappsilber.ms.dataAccess.msm.MzMLIterator.inputFromFile(MzMLIterator.java:108)
  	at 	at rappsilber.ms.dataAccess.msm.MzMLIterator.<init>(MzMLIterator.java:98)
  	at 	at rappsilber.ms.dataAccess.msm.MzMLIterator.<init>(MzMLIterator.java:79)
  	at 	at rappsilber.ms.dataAccess.msm.AbstractMSMAccess.getMSMIterator(AbstractMSMAccess.java:100)
  	at 	at rappsilber.ms.dataAccess.msm.MSMListIterator.addFile(MSMListIterator.java:103)
  	at 	at rappsilber.ms.dataAccess.msm.MSMListIterator.<init>(MSMListIterator.java:84)
  	at 	at rappsilber.ms.dataAccess.msm.MSMListIterator.<init>(MSMListIterator.java:91)
  	at 	at rappsilber.applications.Xi.setupMSMIterator(Xi.java:279)
  	at 	at rappsilber.applications.Xi.startXi(Xi.java:416)
  	at 	at rappsilber.applications.Xi.main(Xi.java:594)
  Caused by: ch.qos.logback.core.util.DynamicClassLoadingException: Failed to instantiate type ConsoleAppender
  	at 	at ch.qos.logback.core.util.OptionHelper.instantiateByClassNameAndParameter(OptionHelper.java:69)
  	at 	at ch.qos.logback.core.util.OptionHelper.instantiateByClassName(OptionHelper.java:45)
  	at 	at ch.qos.logback.core.util.OptionHelper.instantiateByClassName(OptionHelper.java:34)
  	at 	at ch.qos.logback.core.joran.action.AppenderAction.begin(AppenderAction.java:52)
  	at 	... 28 common frames omitted
  Caused by: java.lang.ClassNotFoundException: ConsoleAppender
  	at 	at java.base/jdk.internal.loader.BuiltinClassLoader.loadClass(BuiltinClassLoader.java:641)
  	at 	at java.base/jdk.internal.loader.ClassLoaders$AppClassLoader.loadClass(ClassLoaders.java:188)
  	at 	at java.base/java.lang.ClassLoader.loadClass(ClassLoader.java:525)
  	at 	at ch.qos.logback.core.util.OptionHelper.instantiateByClassNameAndParameter(OptionHelper.java:56)
  	at 	... 31 common frames omitted
  09:03:44,343 |-INFO in ch.qos.logback.classic.joran.action.RootLoggerAction - Setting level of ROOT logger to ERROR
  09:03:44,343 |-ERROR in ch.qos.logback.core.joran.action.AppenderRefAction - Could not find an appender named [STDOUT]. Did you define it below instead of above in the configuration file?
  09:03:44,343 |-ERROR in ch.qos.logback.core.joran.action.AppenderRefAction - See http://logback.qos.ch/codes.html#appender_order for more details.
  09:03:44,343 |-INFO in ch.qos.logback.classic.joran.action.ConfigurationAction - End of configuration.
  09:03:44,344 |-INFO in ch.qos.logback.classic.joran.JoranConfigurator@568bf312 - Registering current configuration as safe fallback point
  
  Xi - flavor:rappsilber.applications.SimpleXiProcessMultipleCandidates

Command error:
  Applying variable modification 70.69%
  Jun 22, 2026 9:15:30 AM rappsilber.ui.LoggingStatus setStatus
  INFO: Applying variable modification 70.84%
  Applying variable modification 70.84%
  Jun 22, 2026 9:15:38 AM rappsilber.ui.LoggingStatus setStatus
  INFO: Applying variable modification 71.00%
  Applying variable modification 71.00%
  Jun 22, 2026 9:15:53 AM rappsilber.applications.Xi$4 run
  INFO: gctime: 67second of the last 60 -> 100 %
  Jun 22, 2026 9:15:53 AM rappsilber.applications.Xi$4 run
  SEVERE: 
  ============================================================================
  ===== long time spend in garbage collection probably runing out of memory ====
  
  Jun 22, 2026 9:15:53 AM rappsilber.ui.LoggingStatus setStatus
  INFO: Applying variable modification 71.07%
  Applying variable modification 71.07%
  Exception in thread "main" java.lang.OutOfMemoryError: Java heap space
  	at java.base/java.util.HashMap.newNode(HashMap.java:1901)
  	at java.base/java.util.HashMap.putVal(HashMap.java:629)
  	at java.base/java.util.HashMap.putMapEntries(HashMap.java:514)
  	at java.base/java.util.HashMap.clone(HashMap.java:1465)
  	at rappsilber.ms.sequence.Peptide.<init>(Peptide.java:214)
  	at rappsilber.ms.sequence.Peptide.<init>(Peptide.java:231)
  	at rappsilber.ms.sequence.Peptide.modify(Peptide.java:798)
  	at rappsilber.ms.sequence.Peptide.modify(Peptide.java:831)
  	at rappsilber.ms.sequence.Peptide.modify(Peptide.java:831)
  	at rappsilber.ms.sequence.Peptide.modify(Peptide.java:836)
  	at rappsilber.ms.sequence.Peptide.modify(Peptide.java:831)
  	at rappsilber.ms.sequence.Peptide.modify(Peptide.java:831)
  	at rappsilber.ms.sequence.Peptide.modify(Peptide.java:831)
  	at rappsilber.ms.sequence.Peptide.modify(Peptide.java:831)
  	at rappsilber.ms.sequence.Peptide.modify(Peptide.java:831)
  	at rappsilber.ms.sequence.Peptide.modify(Peptide.java:831)
  	at rappsilber.ms.sequence.Peptide.modify(Peptide.java:831)
  	at rappsilber.ms.sequence.Peptide.modify(Peptide.java:831)
  	at rappsilber.ms.sequence.Peptide.modify(Peptide.java:831)
  	at rappsilber.ms.sequence.Peptide.modify(Peptide.java:831)
  	at rappsilber.ms.sequence.Peptide.modify(Peptide.java:831)
  	at rappsilber.ms.sequence.Peptide.modify(Peptide.java:831)
  	at rappsilber.ms.sequence.Peptide.modify(Peptide.java:831)
  	at rappsilber.ms.sequence.Peptide.modify(Peptide.java:831)
  	at rappsilber.ms.sequence.Peptide.modify(Peptide.java:831)
  	at rappsilber.ms.sequence.Peptide.modify(Peptide.java:831)
  	at rappsilber.ms.sequence.Peptide.modify(Peptide.java:831)
  	at rappsilber.ms.sequence.Peptide.modify(Peptide.java:831)
  	at rappsilber.ms.sequence.Peptide.modify(Peptide.java:831)
  	at rappsilber.ms.sequence.Peptide.modify(Peptide.java:543)
  	at rappsilber.ms.lookup.peptides.FUPeptideTree.applyVariableModifications(FUPeptideTree.java:557)
  	at rappsilber.applications.SimpleXiProcess.variableModifications(SimpleXiProcess.java:947)

Work dir:
  /mnt/storage_1/xhamlet_relink_work/66/e9eb57e574945e4fbfaee00e3afac4

Tip: when you have fixed the problem you can continue the execution adding the option `-resume` to the run command line

 -- Check '.nextflow.log' file for details

executor >  local (8)
[7e/f475b7] PIP…DRF_PARSING (sdrf_parsing) | 1 of 1, cached: 1 ✔
[dd/401c83] BIG…THERMORAWFILEPARSER (null) | 20 of 20, cached: 20 ✔
[36/ff69e0] BIG…R_firstbatch_DSSOplate_D3) | 1 of 1, retries: 2 ✔
[11/68e02d] BIG…R_firstbatch_DSSOplate_D3) | 1 of 1 ✔
[66/e9eb57] BIG…R_firstbatch_DSSOplate_D3) | 0 of 1, retries: 3 ✘
[-        ] BIGBIO_RELINK:RELINK:XIFDR     -
[-        ] BIGBIO_RELINK:RELINK:PMULTIQC  -
ERROR ~ Error executing process > 'BIGBIO_RELINK:RELINK:XISEARCH_CROSSLINK (PXD042173_L1_20210806_MxR_FDR_firstbatch_DSSOplate_D3)'

Caused by:
  Process `BIGBIO_RELINK:RELINK:XISEARCH_CROSSLINK (PXD042173_L1_20210806_MxR_FDR_firstbatch_DSSOplate_D3)` terminated with an error exit status (1)


Command executed:

  java -Xmx64g -jar /home/ians/.local/opt/xisearch/xiSEARCH.jar \
      --fasta='taxid_562.fasta' \
      --xiconf=UseCPUs:16 \
      --peaks='recal_PXD042173_L1_20210806_MxR_FDR_firstbatch_DSSOplate_D3.mzML' \
      --config='xi_crosslinking.conf' \
      --output='PXD042173_L1_20210806_MxR_FDR_firstbatch_DSSOplate_D3_crosslink.csv' \
      --peaksout='PXD042173_L1_20210806_MxR_FDR_firstbatch_DSSOplate_D3_crosslink.peaks.csv' \
  
  
  cat <<-END_VERSIONS > versions.yml
  "BIGBIO_RELINK:RELINK:XISEARCH_CROSSLINK":
      xiSEARCH: 1.8.11
      java: $(java -version 2>&1 | head -1 | cut -d'"' -f2)
  END_VERSIONS

Command exit status:
  1

Command output:
  09:03:44,342 |-ERROR in ch.qos.logback.core.joran.spi.Interpreter@8:51 - ActionException in Action for tag [appender] ch.qos.logback.core.joran.spi.ActionException: ch.qos.logback.core.util.DynamicClassLoadingException: Failed to instantiate type ConsoleAppender
  	at ch.qos.logback.core.joran.spi.ActionException: ch.qos.logback.core.util.DynamicClassLoadingException: Failed to instantiate type ConsoleAppender
  	at 	at ch.qos.logback.core.joran.action.AppenderAction.begin(AppenderAction.java:76)
  	at 	at ch.qos.logback.core.joran.spi.Interpreter.callBeginAction(Interpreter.java:269)
  	at 	at ch.qos.logback.core.joran.spi.Interpreter.startElement(Interpreter.java:145)
  	at 	at ch.qos.logback.core.joran.spi.Interpreter.startElement(Interpreter.java:128)
  	at 	at ch.qos.logback.core.joran.spi.EventPlayer.play(EventPlayer.java:50)
  	at 	at ch.qos.logback.core.joran.GenericConfigurator.doConfigure(GenericConfigurator.java:148)
  	at 	at ch.qos.logback.core.joran.GenericConfigurator.doConfigure(GenericConfigurator.java:135)
  	at 	at ch.qos.logback.core.joran.GenericConfigurator.doConfigure(GenericConfigurator.java:100)
  	at 	at ch.qos.logback.core.joran.GenericConfigurator.doConfigure(GenericConfigurator.java:50)
  	at 	at ch.qos.logback.classic.util.ContextInitializer.configureByResource(ContextInitializer.java:75)
  	at 	at ch.qos.logback.classic.util.ContextInitializer.autoConfig(ContextInitializer.java:150)
  	at 	at org.slf4j.impl.StaticLoggerBinder.init(StaticLoggerBinder.java:84)
  	at 	at org.slf4j.impl.StaticLoggerBinder.<clinit>(StaticLoggerBinder.java:55)
  	at 	at org.slf4j.LoggerFactory.bind(LoggerFactory.java:149)
  	at 	at org.slf4j.LoggerFactory.performInitialization(LoggerFactory.java:124)
  	at 	at org.slf4j.LoggerFactory.getILoggerFactory(LoggerFactory.java:390)
  	at 	at org.slf4j.LoggerFactory.getLogger(LoggerFactory.java:340)
  	at 	at org.slf4j.LoggerFactory.getLogger(LoggerFactory.java:361)
  	at 	at uk.ac.ebi.jmzml.xml.io.MzMLUnmarshaller.<clinit>(MzMLUnmarshaller.java:68)
  	at 	at rappsilber.ms.dataAccess.msm.MzMLIterator.inputFromFile(MzMLIterator.java:108)
  	at 	at rappsilber.ms.dataAccess.msm.MzMLIterator.<init>(MzMLIterator.java:98)
  	at 	at rappsilber.ms.dataAccess.msm.MzMLIterator.<init>(MzMLIterator.java:79)
  	at 	at rappsilber.ms.dataAccess.msm.AbstractMSMAccess.getMSMIterator(AbstractMSMAccess.java:100)
  	at 	at rappsilber.ms.dataAccess.msm.MSMListIterator.addFile(MSMListIterator.java:103)
  	at 	at rappsilber.ms.dataAccess.msm.MSMListIterator.<init>(MSMListIterator.java:84)
  	at 	at rappsilber.ms.dataAccess.msm.MSMListIterator.<init>(MSMListIterator.java:91)
  	at 	at rappsilber.applications.Xi.setupMSMIterator(Xi.java:279)
  	at 	at rappsilber.applications.Xi.startXi(Xi.java:416)
  	at 	at rappsilber.applications.Xi.main(Xi.java:594)
  Caused by: ch.qos.logback.core.util.DynamicClassLoadingException: Failed to instantiate type ConsoleAppender
  	at 	at ch.qos.logback.core.util.OptionHelper.instantiateByClassNameAndParameter(OptionHelper.java:69)
  	at 	at ch.qos.logback.core.util.OptionHelper.instantiateByClassName(OptionHelper.java:45)
  	at 	at ch.qos.logback.core.util.OptionHelper.instantiateByClassName(OptionHelper.java:34)
  	at 	at ch.qos.logback.core.joran.action.AppenderAction.begin(AppenderAction.java:52)
  	at 	... 28 common frames omitted
  Caused by: java.lang.ClassNotFoundException: ConsoleAppender
  	at 	at java.base/jdk.internal.loader.BuiltinClassLoader.loadClass(BuiltinClassLoader.java:641)
  	at 	at java.base/jdk.internal.loader.ClassLoaders$AppClassLoader.loadClass(ClassLoaders.java:188)
  	at 	at java.base/java.lang.ClassLoader.loadClass(ClassLoader.java:525)
  	at 	at ch.qos.logback.core.util.OptionHelper.instantiateByClassNameAndParameter(OptionHelper.java:56)
  	at 	... 31 common frames omitted
  09:03:44,343 |-INFO in ch.qos.logback.classic.joran.action.RootLoggerAction - Setting level of ROOT logger to ERROR
  09:03:44,343 |-ERROR in ch.qos.logback.core.joran.action.AppenderRefAction - Could not find an appender named [STDOUT]. Did you define it below instead of above in the configuration file?
  09:03:44,343 |-ERROR in ch.qos.logback.core.joran.action.AppenderRefAction - See http://logback.qos.ch/codes.html#appender_order for more details.
  09:03:44,343 |-INFO in ch.qos.logback.classic.joran.action.ConfigurationAction - End of configuration.
  09:03:44,344 |-INFO in ch.qos.logback.classic.joran.JoranConfigurator@568bf312 - Registering current configuration as safe fallback point
  
  Xi - flavor:rappsilber.applications.SimpleXiProcessMultipleCandidates

Command error:
  Applying variable modification 70.69%
  Jun 22, 2026 9:15:30 AM rappsilber.ui.LoggingStatus setStatus
  INFO: Applying variable modification 70.84%
  Applying variable modification 70.84%
  Jun 22, 2026 9:15:38 AM rappsilber.ui.LoggingStatus setStatus
  INFO: Applying variable modification 71.00%
  Applying variable modification 71.00%
  Jun 22, 2026 9:15:53 AM rappsilber.applications.Xi$4 run
  INFO: gctime: 67second of the last 60 -> 100 %
  Jun 22, 2026 9:15:53 AM rappsilber.applications.Xi$4 run
  SEVERE: 
  ============================================================================
  ===== long time spend in garbage collection probably runing out of memory ====
  
  Jun 22, 2026 9:15:53 AM rappsilber.ui.LoggingStatus setStatus
  INFO: Applying variable modification 71.07%
  Applying variable modification 71.07%
  Exception in thread "main" java.lang.OutOfMemoryError: Java heap space
  	at java.base/java.util.HashMap.newNode(HashMap.java:1901)
  	at java.base/java.util.HashMap.putVal(HashMap.java:629)
  	at java.base/java.util.HashMap.putMapEntries(HashMap.java:514)
  	at java.base/java.util.HashMap.clone(HashMap.java:1465)
  	at rappsilber.ms.sequence.Peptide.<init>(Peptide.java:214)
  	at rappsilber.ms.sequence.Peptide.<init>(Peptide.java:231)
  	at rappsilber.ms.sequence.Peptide.modify(Peptide.java:798)
  	at rappsilber.ms.sequence.Peptide.modify(Peptide.java:831)
  	at rappsilber.ms.sequence.Peptide.modify(Peptide.java:831)
  	at rappsilber.ms.sequence.Peptide.modify(Peptide.java:836)
  	at rappsilber.ms.sequence.Peptide.modify(Peptide.java:831)
  	at rappsilber.ms.sequence.Peptide.modify(Peptide.java:831)
  	at rappsilber.ms.sequence.Peptide.modify(Peptide.java:831)
  	at rappsilber.ms.sequence.Peptide.modify(Peptide.java:831)
  	at rappsilber.ms.sequence.Peptide.modify(Peptide.java:831)
  	at rappsilber.ms.sequence.Peptide.modify(Peptide.java:831)
  	at rappsilber.ms.sequence.Peptide.modify(Peptide.java:831)
  	at rappsilber.ms.sequence.Peptide.modify(Peptide.java:831)
  	at rappsilber.ms.sequence.Peptide.modify(Peptide.java:831)
  	at rappsilber.ms.sequence.Peptide.modify(Peptide.java:831)
  	at rappsilber.ms.sequence.Peptide.modify(Peptide.java:831)
  	at rappsilber.ms.sequence.Peptide.modify(Peptide.java:831)
  	at rappsilber.ms.sequence.Peptide.modify(Peptide.java:831)
  	at rappsilber.ms.sequence.Peptide.modify(Peptide.java:831)
  	at rappsilber.ms.sequence.Peptide.modify(Peptide.java:831)
  	at rappsilber.ms.sequence.Peptide.modify(Peptide.java:831)
  	at rappsilber.ms.sequence.Peptide.modify(Peptide.java:831)
  	at rappsilber.ms.sequence.Peptide.modify(Peptide.java:831)
  	at rappsilber.ms.sequence.Peptide.modify(Peptide.java:831)
  	at rappsilber.ms.sequence.Peptide.modify(Peptide.java:543)
  	at rappsilber.ms.lookup.peptides.FUPeptideTree.applyVariableModifications(FUPeptideTree.java:557)
  	at rappsilber.applications.SimpleXiProcess.variableModifications(SimpleXiProcess.java:947)

Work dir:
  /mnt/storage_1/xhamlet_relink_work/66/e9eb57e574945e4fbfaee00e3afac4

Tip: when you have fixed the problem you can continue the execution adding the option `-resume` to the run command line

 -- Check '.nextflow.log' file for details
ERROR ~ Pipeline failed. Please refer to troubleshooting docs: https://nf-co.re/docs/usage/troubleshooting

 -- Check '.nextflow.log' file for details
-Pipeline completed with errors-

=== taxid_562 done (exit 1), starting taxid_9606 ===
[33mNextflow 26.04.4 is available - Please consider updating your version to it(B[m

 N E X T F L O W   ~  version 25.04.4

Launching `./main.nf` [cheesy_angela] DSL2 - revision: a3944fd765

WARN: Access to undefined parameter `monochromeLogs` -- Initialise it to a default value eg. `params.monochromeLogs = some_value`
Core Nextflow options
  runName            : cheesy_angela
  launchDir          : /home/ians/git_repos/xHAMLET/tools/relink
  workDir            : /mnt/storage_1/xhamlet_relink_work
  projectDir         : /home/ians/git_repos/xHAMLET/tools/relink
  userName           : ians
  profile            : conda
  configFiles        : 

Input/output options
  input              : /home/ians/git_repos/xHAMLET/pxd_data/PXD042173/relink/taxid_9606/PXD042173.sdrf.tsv
  outdir             : /home/ians/git_repos/xHAMLET/pxd_data/PXD042173/relink/taxid_9606/results

Reference options
  fasta              : /home/ians/git_repos/xHAMLET/pxd_data/PXD042173/relink/fasta/taxid_9606.fasta
  root_folder        : /home/ians/git_repos/xHAMLET/pxd_data/PXD042173/work

Search engine options
  xi_linear_config   : /home/ians/git_repos/xHAMLET/pxd_data/PXD042173/configs/xi_linear.conf
  xi_crosslink_config: /home/ians/git_repos/xHAMLET/pxd_data/PXD042173/configs/xi_crosslinking.conf

Max job request options
  max_cpus           : 112
  max_memory         : 200.GB

!! Only displaying parameters that differ from the pipeline defaults !!
------------------------------------------------------
[-        ] PIP…NITIALISATION:SDRF_PARSING -
[-        ] BIG…RELINK:THERMORAWFILEPARSER -
[-        ] BIG…INK:RELINK:XISEARCH_LINEAR -
[-        ] BIG…:RELINK:MASS_RECALIBRATION -
[-        ] BIG…:RELINK:XISEARCH_CROSSLINK -

[eb/b9e52e] PIP…DRF_PARSING (sdrf_parsing) | 1 of 1, cached: 1
[-        ] BIG…RELINK:THERMORAWFILEPARSER -
[-        ] BIG…INK:RELINK:XISEARCH_LINEAR -
[-        ] BIG…:RELINK:MASS_RECALIBRATION -
[-        ] BIG…:RELINK:XISEARCH_CROSSLINK -
[-        ] BIGBIO_RELINK:RELINK:XIFDR     -
[-        ] BIGBIO_RELINK:RELINK:PMULTIQC  -

executor >  local (1)
[eb/b9e52e] PIP…DRF_PARSING (sdrf_parsing) | 1 of 1, cached: 1 ✔
[33/b745a4] BIG…THERMORAWFILEPARSER (null) | 20 of 20, cached: 20 ✔
[57/3866d1] BIG…FDR_fifthbatch_DSSO_G3_G4) | 0 of 1
[-        ] BIG…:RELINK:MASS_RECALIBRATION -
[-        ] BIG…:RELINK:XISEARCH_CROSSLINK -
[-        ] BIGBIO_RELINK:RELINK:XIFDR     -
[-        ] BIGBIO_RELINK:RELINK:PMULTIQC  -

executor >  local (1)
[eb/b9e52e] PIP…DRF_PARSING (sdrf_parsing) | 1 of 1, cached: 1 ✔
[33/b745a4] BIG…THERMORAWFILEPARSER (null) | 20 of 20, cached: 20 ✔
[57/3866d1] BIG…FDR_fifthbatch_DSSO_G3_G4) | 0 of 1
[-        ] BIG…:RELINK:MASS_RECALIBRATION -
[-        ] BIG…:RELINK:XISEARCH_CROSSLINK -
[-        ] BIGBIO_RELINK:RELINK:XIFDR     -
[-        ] BIGBIO_RELINK:RELINK:PMULTIQC  -

executor >  local (2)
[eb/b9e52e] PIP…DRF_PARSING (sdrf_parsing) | 1 of 1, cached: 1 ✔
[33/b745a4] BIG…THERMORAWFILEPARSER (null) | 20 of 20, cached: 20 ✔
[57/3866d1] BIG…FDR_fifthbatch_DSSO_G3_G4) | 1 of 1 ✔
[2c/55da52] BIG…FDR_fifthbatch_DSSO_G3_G4) | 0 of 1
[-        ] BIG…:RELINK:XISEARCH_CROSSLINK -
[-        ] BIGBIO_RELINK:RELINK:XIFDR     -
[-        ] BIGBIO_RELINK:RELINK:PMULTIQC  -

executor >  local (3)
[eb/b9e52e] PIP…DRF_PARSING (sdrf_parsing) | 1 of 1, cached: 1 ✔
[33/b745a4] BIG…THERMORAWFILEPARSER (null) | 20 of 20, cached: 20 ✔
[57/3866d1] BIG…FDR_fifthbatch_DSSO_G3_G4) | 1 of 1 ✔
[2c/55da52] BIG…FDR_fifthbatch_DSSO_G3_G4) | 1 of 1 ✔
[ae/5bbef2] BIG…FDR_fifthbatch_DSSO_G3_G4) | 0 of 1
[-        ] BIGBIO_RELINK:RELINK:XIFDR     -
[-        ] BIGBIO_RELINK:RELINK:PMULTIQC  -

executor >  local (4)
[eb/b9e52e] PIP…DRF_PARSING (sdrf_parsing) | 1 of 1, cached: 1 ✔
[33/b745a4] BIG…THERMORAWFILEPARSER (null) | 20 of 20, cached: 20 ✔
[57/3866d1] BIG…FDR_fifthbatch_DSSO_G3_G4) | 1 of 1 ✔
[2c/55da52] BIG…FDR_fifthbatch_DSSO_G3_G4) | 1 of 1 ✔
[93/f81622] BIG…FDR_fifthbatch_DSSO_G3_G4) | 0 of 1, retries: 1
[-        ] BIGBIO_RELINK:RELINK:XIFDR     -
[-        ] BIGBIO_RELINK:RELINK:PMULTIQC  -
[ae/5bbef2] NOTE: Process `BIGBIO_RELINK:RELINK:XISEARCH_CROSSLINK (PXD042173_L1_20240412_MxR_FDR_fifthbatch_DSSO_G3_G4)` terminated with an error exit status (1) -- Execution is retried (1)

executor >  local (4)
[eb/b9e52e] PIP…DRF_PARSING (sdrf_parsing) | 1 of 1, cached: 1 ✔
[33/b745a4] BIG…THERMORAWFILEPARSER (null) | 20 of 20, cached: 20 ✔
[57/3866d1] BIG…FDR_fifthbatch_DSSO_G3_G4) | 1 of 1 ✔
[2c/55da52] BIG…FDR_fifthbatch_DSSO_G3_G4) | 1 of 1 ✔
[93/f81622] BIG…FDR_fifthbatch_DSSO_G3_G4) | 0 of 1, retries: 1
[-        ] BIGBIO_RELINK:RELINK:XIFDR     -
[-        ] BIGBIO_RELINK:RELINK:PMULTIQC  -
[ae/5bbef2] NOTE: Process `BIGBIO_RELINK:RELINK:XISEARCH_CROSSLINK (PXD042173_L1_20240412_MxR_FDR_fifthbatch_DSSO_G3_G4)` terminated with an error exit status (1) -- Execution is retried (1)

executor >  local (5)
[eb/b9e52e] PIP…DRF_PARSING (sdrf_parsing) | 1 of 1, cached: 1 ✔
[33/b745a4] BIG…THERMORAWFILEPARSER (null) | 20 of 20, cached: 20 ✔
[57/3866d1] BIG…FDR_fifthbatch_DSSO_G3_G4) | 1 of 1 ✔
[2c/55da52] BIG…FDR_fifthbatch_DSSO_G3_G4) | 1 of 1 ✔
[d4/3bb7fc] BIG…FDR_fifthbatch_DSSO_G3_G4) | 0 of 1, retries: 2
[-        ] BIGBIO_RELINK:RELINK:XIFDR     -
[-        ] BIGBIO_RELINK:RELINK:PMULTIQC  -
[93/f81622] NOTE: Process `BIGBIO_RELINK:RELINK:XISEARCH_CROSSLINK (PXD042173_L1_20240412_MxR_FDR_fifthbatch_DSSO_G3_G4)` terminated with an error exit status (1) -- Execution is retried (2)


executor >  local (5)
[eb/b9e52e] PIP…DRF_PARSING (sdrf_parsing) | 1 of 1, cached: 1 ✔
[33/b745a4] BIG…THERMORAWFILEPARSER (null) | 20 of 20, cached: 20 ✔
[57/3866d1] BIG…FDR_fifthbatch_DSSO_G3_G4) | 1 of 1 ✔
[2c/55da52] BIG…FDR_fifthbatch_DSSO_G3_G4) | 1 of 1 ✔
[d4/3bb7fc] BIG…FDR_fifthbatch_DSSO_G3_G4) | 0 of 1, retries: 2
[-        ] BIGBIO_RELINK:RELINK:XIFDR     -
[-        ] BIGBIO_RELINK:RELINK:PMULTIQC  -
[93/f81622] NOTE: Process `BIGBIO_RELINK:RELINK:XISEARCH_CROSSLINK (PXD042173_L1_20240412_MxR_FDR_fifthbatch_DSSO_G3_G4)` terminated with an error exit status (1) -- Execution is retried (2)


executor >  local (6)
[eb/b9e52e] PIP…DRF_PARSING (sdrf_parsing) | 1 of 1, cached: 1 ✔
[33/b745a4] BIG…THERMORAWFILEPARSER (null) | 20 of 20, cached: 20 ✔
[57/3866d1] BIG…FDR_fifthbatch_DSSO_G3_G4) | 1 of 1 ✔
[2c/55da52] BIG…FDR_fifthbatch_DSSO_G3_G4) | 1 of 1 ✔
[b1/13d470] BIG…FDR_fifthbatch_DSSO_G3_G4) | 0 of 1, retries: 3
[-        ] BIGBIO_RELINK:RELINK:XIFDR     -
[-        ] BIGBIO_RELINK:RELINK:PMULTIQC  -
[d4/3bb7fc] NOTE: Process `BIGBIO_RELINK:RELINK:XISEARCH_CROSSLINK (PXD042173_L1_20240412_MxR_FDR_fifthbatch_DSSO_G3_G4)` terminated with an error exit status (1) -- Execution is retried (3)

