nohup: ignoring input
=== Starting taxid_562 ===
[33mNextflow 26.04.4 is available - Please consider updating your version to it(B[m

 N E X T F L O W   ~  version 25.04.4

Launching `./main.nf` [lonely_wilson] DSL2 - revision: a3944fd765

WARN: Access to undefined parameter `monochromeLogs` -- Initialise it to a default value eg. `params.monochromeLogs = some_value`
Core Nextflow options
  runName            : lonely_wilson
  launchDir          : /home/ians/git_repos/xHAMLET/tools/relink
  workDir            : /mnt/storage_1/xhamlet_relink_work
  projectDir         : /home/ians/git_repos/xHAMLET/tools/relink
  userName           : ians
  profile            : conda
  configFiles        : 

Input/output options
  input              : /home/ians/git_repos/xHAMLET/pxd_data/PXD042173/relink/taxid_562/PXD042173.sdrf.tsv
  outdir             : /home/ians/git_repos/xHAMLET/pxd_data/PXD042173/relink/taxid_562/results

Reference options
  fasta              : /home/ians/git_repos/xHAMLET/pxd_data/PXD042173/relink/fasta/taxid_562.fasta
  root_folder        : /home/ians/git_repos/xHAMLET/pxd_data/PXD042173/work

Search engine options
  xi_linear_config   : /home/ians/git_repos/xHAMLET/pxd_data/PXD042173/configs/xi_linear.conf
  xi_crosslink_config: /home/ians/git_repos/xHAMLET/pxd_data/PXD042173/configs/xi_crosslinking.conf

Max job request options
  max_cpus           : 112
  max_memory         : 200.GB

!! Only displaying parameters that differ from the pipeline defaults !!
------------------------------------------------------
